TAP version 13
# Subtest: R07 and P01 successive command ACKs include private projections and delta sync preserves history
ok 1 - R07 and P01 successive command ACKs include private projections and delta sync preserves history
  ---
  duration_ms: 10948.5271
  type: 'test'
  ...
# Subtest: General Store HTTP sync includes public remaining faces and removes each selected card
ok 2 - General Store HTTP sync includes public remaining faces and removes each selected card
  ---
  duration_ms: 10216.9737
  type: 'test'
  ...
# Subtest: Worker match commands resolve effects and turn continuations with atomic receipts and stale no-write behavior
ok 3 - Worker match commands resolve effects and turn continuations with atomic receipts and stale no-write behavior
  ---
  duration_ms: 8869.1647
  type: 'test'
  ...
# Subtest: accepted match commands use one authorization context batch and one atomic commit batch
ok 4 - accepted match commands use one authorization context batch and one atomic commit batch
  ---
  duration_ms: 6661.4268
  type: 'test'
  ...
# Subtest: match membership revoked after command load prevents the atomic commit
ok 5 - match membership revoked after command load prevents the atomic commit
  ---
  duration_ms: 6698.3743
  type: 'test'
  ...
# Subtest: a command receipt cannot be reused across two authorized matches
ok 6 - a command receipt cannot be reused across two authorized matches
  ---
  duration_ms: 7004.9825
  type: 'test'
  ...
# Subtest: D1 expected-version CAS allows one writer for concurrent match commands
ok 7 - D1 expected-version CAS allows one writer for concurrent match commands
  ---
  duration_ms: 9151.7432
  type: 'test'
  ...
# Subtest: stale match cursors receive the recent event tail and an explicit full snapshot
ok 8 - stale match cursors receive the recent event tail and an explicit full snapshot
  ---
  duration_ms: 9185.3187
  type: 'test'
  ...
# Subtest: room and match sync use strict canonical parsers and viewer-scoped private projections
ok 9 - room and match sync use strict canonical parsers and viewer-scoped private projections
  ---
  duration_ms: 6444.5954
  type: 'test'
  ...
# Subtest: unsupported match schema and ruleset disclose recovery only to members and never mutate state
ok 10 - unsupported match schema and ruleset disclose recovery only to members and never mutate state
  ---
  duration_ms: 11636.6557
  type: 'test'
  ...
# Subtest: existing successful receipts replay before unsupported snapshot decoding without exposing recovery to outsiders
ok 11 - existing successful receipts replay before unsupported snapshot decoding without exposing recovery to outsiders
  ---
  duration_ms: 4993.0712
  type: 'test'
  ...
# Subtest: receipt replay survives malformed match snapshots, while fresh commands fail without writes
ok 12 - receipt replay survives malformed match snapshots, while fresh commands fail without writes
  ---
  duration_ms: 4961.2237
  type: 'test'
  ...
# Subtest: SSE refreshes membership before cursor reads, emits only allowlisted data, and resumes after cancellation
ok 13 - SSE refreshes membership before cursor reads, emits only allowlisted data, and resumes after cancellation
  ---
  duration_ms: 5809.9973
  type: 'test'
  ...
# Subtest: SSE renews only the viewer lease and reports presence lease expiry without disconnect writes
ok 14 - SSE renews only the viewer lease and reports presence lease expiry without disconnect writes
  ---
  duration_ms: 4702.1465
  type: 'test'
  ...
# Subtest: SSE keeps active matches on the fast poll after the activity warm window expires
ok 15 - SSE keeps active matches on the fast poll after the activity warm window expires
  ---
  duration_ms: 5070.8563
  type: 'test'
  ...
# Subtest: R08 owner kick removes one waiting member, replays once, and allows the guest to rejoin
ok 16 - R08 owner kick removes one waiting member, replays once, and allows the guest to rejoin
  ---
  duration_ms: 13389.0908
  type: 'test'
  ...
# Subtest: guest cookie create/restore is Worker-safe, expires correctly, and assigned-room restore is identity-scoped
ok 17 - guest cookie create/restore is Worker-safe, expires correctly, and assigned-room restore is identity-scoped
  ---
  duration_ms: 3334.8908
  type: 'test'
  ...
# Subtest: invite preview is strict and redacted; persistent limiter honors peer IP, backoff, and successful JOIN reset
ok 18 - invite preview is strict and redacted; persistent limiter honors peer IP, backoff, and successful JOIN reset
  ---
  duration_ms: 8327.3736
  type: 'test'
  ...
# Subtest: concurrent JOIN is single-writer; room receipts replay and command hash mismatch is rejected
ok 19 - concurrent JOIN is single-writer; room receipts replay and command hash mismatch is rejected
  ---
  duration_ms: 4821.257
  type: 'test'
  ...
# Subtest: room ready/owner/version guards and concurrent START_MATCH persist the full initialized snapshot once
ok 20 - room ready/owner/version guards and concurrent START_MATCH persist the full initialized snapshot once
  ---
  duration_ms: 9180.5292
  type: 'test'
  ...
# Subtest: completed direct restart and RETURN_TO_LOBBY preserve history, allocate one fresh match, and reset readiness
ok 21 - completed direct restart and RETURN_TO_LOBBY preserve history, allocate one fresh match, and reset readiness
  ---
  duration_ms: 10811.3793
  type: 'test'
  ...
# Subtest: HTTP origin/content-type/body limits, strict command parsing, and closed-room lifecycle are enforced
ok 22 - HTTP origin/content-type/body limits, strict command parsing, and closed-room lifecycle are enforced
  ---
  duration_ms: 4320.3055
  type: 'test'
  ...
# Subtest: base snapshot validation rejects lost, duplicated, unknown or altered cards and invalid HP
ok 23 - base snapshot validation rejects lost, duplicated, unknown or altered cards and invalid HP
  ---
  duration_ms: 72.8066
  type: 'test'
  ...
# Subtest: room and match projections use consistent D1 batches and assigned-room recovery avoids N+1 reads
ok 24 - room and match projections use consistent D1 batches and assigned-room recovery avoids N+1 reads
  ---
  duration_ms: 7286.141
  type: 'test'
  ...
# Subtest: D1 batch statement failure rolls back earlier writes
ok 25 - D1 batch statement failure rolls back earlier writes
  ---
  duration_ms: 3512.6758
  type: 'test'
  ...
# Subtest: same-version concurrent match commits admit one writer and leave no guard marker
ok 26 - same-version concurrent match commits admit one writer and leave no guard marker
  ---
  duration_ms: 3002.5583
  type: 'test'
  ...
# Subtest: stale expectedVersion performs no state, event, receipt, or outbox writes
ok 27 - stale expectedVersion performs no state, event, receipt, or outbox writes
  ---
  duration_ms: 4305.9143
  type: 'test'
  ...
# Subtest: match commit guards reject event-sequence, schema, and ruleset drift without writing
ok 28 - match commit guards reject event-sequence, schema, and ruleset drift without writing
  ---
  duration_ms: 8974.2366
  type: 'test'
  ...
# Subtest: receipt replay returns the original outcome and a changed hash is rejected without writes
ok 29 - receipt replay returns the original outcome and a changed hash is rejected without writes
  ---
  duration_ms: 3649.6173
  type: 'test'
  ...
# Subtest: event, state, receipt, and outbox writes roll back together on outbox conflict
ok 30 - event, state, receipt, and outbox writes roll back together on outbox conflict
  ---
  duration_ms: 3043.6443
  type: 'test'
  ...
# Subtest: outbox cursor queries are monotonic and can be restricted to allowed aggregates
ok 31 - outbox cursor queries are monotonic and can be restricted to allowed aggregates
  ---
  duration_ms: 2670.6846
  type: 'test'
  ...
# Subtest: parallel START_MATCH replay writes room, match, receipt and both outbox signals once
ok 32 - parallel START_MATCH replay writes room, match, receipt and both outbox signals once
  ---
  duration_ms: 3105.2641
  type: 'test'
  ...
# Subtest: START_MATCH restarts the latest completed match, preserves history, and resolves equal timestamps by room version
ok 33 - START_MATCH restarts the latest completed match, preserves history, and resolves equal timestamps by room version
  ---
  duration_ms: 3945.4953
  type: 'test'
  ...
# Subtest: START_MATCH persists the initialized turn-start/draw snapshot and restarts the completed match
ok 34 - START_MATCH persists the initialized turn-start/draw snapshot and restarts the completed match
  ---
  duration_ms: 3386.2733
  type: 'test'
  ...
# Subtest: START_MATCH rejects an in-progress latest match and stale completed-match restart without writes
ok 35 - START_MATCH rejects an in-progress latest match and stale completed-match restart without writes
  ---
  duration_ms: 4224.564
  type: 'test'
  ...
# Subtest: concurrent completed-match restarts admit one writer and reject the stale contender without writes
ok 36 - concurrent completed-match restarts admit one writer and reject the stale contender without writes
  ---
  duration_ms: 4213.016
  type: 'test'
  ...
# Subtest: completed-match restart rolls room, match, receipt, players, and outbox back together
ok 37 - completed-match restart rolls room, match, receipt, players, and outbox back together
  ---
  duration_ms: 5135.9907
  type: 'test'
  ...
# Subtest: fresh Miniflare D1 runtimes are isolated and persisted receipts survive repository recreation
ok 38 - fresh Miniflare D1 runtimes are isolated and persisted receipts survive repository recreation
  ---
  duration_ms: 6073.0761
  type: 'test'
  ...
# Subtest: unsupported state schema is returned as a safe recovery error
ok 39 - unsupported state schema is returned as a safe recovery error
  ---
  duration_ms: 3319.7524
  type: 'test'
  ...
# Subtest: D1 invite limiter persists reservations across limiter instances and admits at most five
ok 40 - D1 invite limiter persists reservations across limiter instances and admits at most five
  ---
  duration_ms: 6374.1869
  type: 'test'
  ...
# Subtest: D1 invite limiter success JOIN reset clears prior failures and retry backoff
ok 41 - D1 invite limiter success JOIN reset clears prior failures and retry backoff
  ---
  duration_ms: 4481.203
  type: 'test'
  ...
# Subtest: same-version concurrent room mutations write one player row and one receipt
ok 42 - same-version concurrent room mutations write one player row and one receipt
  ---
  duration_ms: 2842.0341
  type: 'test'
  ...
# Subtest: room, player, receipt, and outbox writes roll back together on statement failure
ok 43 - room, player, receipt, and outbox writes roll back together on statement failure
  ---
  duration_ms: 2092.7471
  type: 'test'
  ...
# Subtest: malformed state JSON fails schema validation before it can be written
ok 44 - malformed state JSON fails schema validation before it can be written
  ---
  duration_ms: 2011.6999
  type: 'test'
  ...
# Subtest: stored snapshot validation checks catalog enums and every resolution record shape
ok 45 - stored snapshot validation checks catalog enums and every resolution record shape
  ---
  duration_ms: 6.5009
  type: 'test'
  ...
# Subtest: Drizzle SQL breakpoints split into idempotent D1 statements
ok 46 - Drizzle SQL breakpoints split into idempotent D1 statements
  ---
  duration_ms: 9.8666
  type: 'test'
  ...
# Subtest: fresh D1 bootstraps concurrently, records one checksummed migration and optimizes indexes
ok 47 - fresh D1 bootstraps concurrently, records one checksummed migration and optimizes indexes
  ---
  duration_ms: 4673.4818
  type: 'test'
  ...
# Subtest: Drizzle migration ledger rejects SQL edits after application
ok 48 - Drizzle migration ledger rejects SQL edits after application
  ---
  duration_ms: 2536.7323
  type: 'test'
  ...
# Subtest: outbox aggregate cursor index applies as a separate versioned migration
ok 49 - outbox aggregate cursor index applies as a separate versioned migration
  ---
  duration_ms: 2677.0405
  type: 'test'
  ...
# Subtest: failed platform baseline changes only CREATE idempotence; applied legacy bytes stay immutable
ok 50 - failed platform baseline changes only CREATE idempotence; applied legacy bytes stay immutable
  ---
  duration_ms: 2.3381
  type: 'test'
  ...
# Subtest: existing application database can acquire the platform baseline without changing data or its legacy ledger
ok 51 - existing application database can acquire the platform baseline without changing data or its legacy ledger
  ---
  duration_ms: 2871.8472
  type: 'test'
  ...
# Subtest: fresh platform migrations suffice and runtime readiness performs no schema or ledger writes
ok 52 - fresh platform migrations suffice and runtime readiness performs no schema or ledger writes
  ---
  duration_ms: 2362.5781
  type: 'test'
  ...
# Subtest: missing platform migration fails safely; a later completed migration can retry readiness
ok 53 - missing platform migration fails safely; a later completed migration can retry readiness
  ---
  duration_ms: 2018.1558
  type: 'test'
  ...
# Subtest: game mount belongs to the persistent layout instead of route page segments
ok 54 - game mount belongs to the persistent layout instead of route page segments
  ---
  duration_ms: 19.3459
  type: 'test'
  ...
1..54
# tests 54
# suites 0
# pass 54
# fail 0
# cancelled 0
# skipped 0
# todo 0
# duration_ms 127540.6253
