TAP version 13
# (node:21368) ExperimentalWarning: `--experimental-loader` may be removed in the future; instead use `register()`:
# --import 'data:text/javascript,import { register } from "node:module"; import { pathToFileURL } from "node:url"; register("./packages/engine/test/setup/ts-source-loader.mjs", pathToFileURL("./"));'
# (Use `node --trace-warnings ...` to show where the warning was created)
# Subtest: R06 a stalled session body has a deadline and recovery can be retried
ok 1 - R06 a stalled session body has a deadline and recovery can be retried
  ---
  duration_ms: 75.9459
  type: 'test'
  ...
# Subtest: R06 an accepted command survives stalled sync without remaining busy or resending
ok 2 - R06 an accepted command survives stalled sync without remaining busy or resending
  ---
  duration_ms: 35.1559
  type: 'test'
  ...
# Subtest: R09 EventSource construction errors fall back to HTTP polling and stop on disconnect
ok 3 - R09 EventSource construction errors fall back to HTTP polling and stop on disconnect
  ---
  duration_ms: 92.6957
  type: 'test'
  ...
# Subtest: R07 incremental sync keeps earlier public events through projection consumers
ok 4 - R07 incremental sync keeps earlier public events through projection consumers
  ---
  duration_ms: 0.8554
  type: 'test'
  ...
# Subtest: a late match sync from a previous guest is rejected after identity changes
ok 5 - a late match sync from a previous guest is rejected after identity changes
  ---
  duration_ms: 2.0949
  type: 'test'
  ...
# Subtest: accepted ACK and concurrent passive sync callers share one match request
ok 6 - accepted ACK and concurrent passive sync callers share one match request
  ---
  duration_ms: 13.3725
  type: 'test'
  ...
# Subtest: a newer SSE match hint during sync triggers exactly one fresh follow-up
ok 7 - a newer SSE match hint during sync triggers exactly one fresh follow-up
  ---
  duration_ms: 5.5044
  type: 'test'
  ...
# Subtest: mismatched unchanged replies fall back to a strict full sync without opt-in
ok 8 - mismatched unchanged replies fall back to a strict full sync without opt-in
  ---
  duration_ms: 1.5478
  type: 'test'
  ...
# Subtest: a second unchanged response cannot recurse, and successful syncs clear stale errors
ok 9 - a second unchanged response cannot recurse, and successful syncs clear stale errors
  ---
  duration_ms: 4.2823
  type: 'test'
  ...
# Subtest: presence is timestamped separately, filters foreign members, and survives room sync
ok 10 - presence is timestamped separately, filters foreign members, and survives room sync
  ---
  duration_ms: 9.4621
  type: 'test'
  ...
# Subtest: new guests use JSON create/join without an initial SSE dependency; versioned room ACK is applied directly
ok 11 - new guests use JSON create/join without an initial SSE dependency; versioned room ACK is applied directly
  ---
  duration_ms: 2.9906
  type: 'test'
  ...
# Subtest: a versioned room ACK fetches a newly active match without repeating the room sync
ok 12 - a versioned room ACK fetches a newly active match without repeating the room sync
  ---
  duration_ms: 13.416
  type: 'test'
  ...
# Subtest: parallel guest restore and seat recovery share each Sites HTTP read and projection sync
ok 13 - parallel guest restore and seat recovery share each Sites HTTP read and projection sync
  ---
  duration_ms: 1.8155
  type: 'test'
  ...
# Subtest: closing the last transient room watch releases its SSE reconnect resource
ok 14 - closing the last transient room watch releases its SSE reconnect resource
  ---
  duration_ms: 1.3027
  type: 'test'
  ...
# Subtest: HTTP room commands remain writable while the membership SSE channel is closed
ok 15 - HTTP room commands remain writable while the membership SSE channel is closed
  ---
  duration_ms: 17.3685
  type: 'test'
  ...
# Subtest: legacy unversioned room ACK forces one follow-up after an older sync already in flight
ok 16 - legacy unversioned room ACK forces one follow-up after an older sync already in flight
  ---
  duration_ms: 2.9304
  type: 'test'
  ...
# (node:20844) ExperimentalWarning: `--experimental-loader` may be removed in the future; instead use `register()`:
# --import 'data:text/javascript,import { register } from "node:module"; import { pathToFileURL } from "node:url"; register("./packages/engine/test/setup/ts-source-loader.mjs", pathToFileURL("./"));'
# (Use `node --trace-warnings ...` to show where the warning was created)
# Subtest: production builds select Sites HTTP/SSE and local Vite selects Socket.IO
ok 17 - production builds select Sites HTTP/SSE and local Vite selects Socket.IO
  ---
  duration_ms: 1.4921
  type: 'test'
  ...
# Subtest: Sites requests use strict DTO parsing, cookie credentials and same-payload command retry
ok 18 - Sites requests use strict DTO parsing, cookie credentials and same-payload command retry
  ---
  duration_ms: 47.7405
  type: 'test'
  ...
# Subtest: room preview, create and join use the existing HTTP DTO mapping
ok 19 - room preview, create and join use the existing HTTP DTO mapping
  ---
  duration_ms: 9.5977
  type: 'test'
  ...
# Subtest: SSE messages only invalidate, hidden streams close, and visible reconnect resumes the cursor
ok 20 - SSE messages only invalidate, hidden streams close, and visible reconnect resumes the cursor
  ---
  duration_ms: 42.6331
  type: 'test'
  ...
# Subtest: malformed API responses do not become transport state
ok 21 - malformed API responses do not become transport state
  ---
  duration_ms: 0.8463
  type: 'test'
  ...
1..21
# tests 21
# suites 0
# pass 21
# fail 0
# cancelled 0
# skipped 0
# todo 0
# duration_ms 701.9821
