TAP version 13
# Subtest: HTTP readiness does not wait for a failed notification stream
ok 1 - HTTP readiness does not wait for a failed notification stream
  ---
  duration_ms: 4109.0729
  type: 'test'
  ...
# Subtest: expired sessions remain rejected even for independent HTTP writes
ok 2 - expired sessions remain rejected even for independent HTTP writes
  ---
  duration_ms: 0.8521
  type: 'test'
  ...
# Subtest: Socket.IO readiness still awaits connection
ok 3 - Socket.IO readiness still awaits connection
  ---
  duration_ms: 0.9699
  type: 'test'
  ...
# Subtest: direct room, role, game, result and invite URLs resolve to the expected path state
ok 4 - direct room, role, game, result and invite URLs resolve to the expected path state
  ---
  duration_ms: 7039.8942
  type: 'test'
  ...
# Subtest: popstate refreshes the route key for back/forward and invite query changes
ok 5 - popstate refreshes the route key for back/forward and invite query changes
  ---
  duration_ms: 0.5544
  type: 'test'
  ...
# Subtest: RoomView activeMatchId drives lobby, sync, game and result projections
ok 6 - RoomView activeMatchId drives lobby, sync, game and result projections
  ---
  duration_ms: 0.4559
  type: 'test'
  ...
# Subtest: room connection notice is accessible and stays until authoritative route sync succeeds
ok 7 - room connection notice is accessible and stays until authoritative route sync succeeds
  ---
  duration_ms: 15.8014
  type: 'test'
  ...
# Subtest: connected CONNECTION errors trigger one route resync attempt without an effect loop
ok 8 - connected CONNECTION errors trigger one route resync attempt without an effect loop
  ---
  duration_ms: 0.2472
  type: 'test'
  ...
# Subtest: reconnect sync waits for the current RoomView and then its active match projection
ok 9 - reconnect sync waits for the current RoomView and then its active match projection
  ---
  duration_ms: 0.7151
  type: 'test'
  ...
# Subtest: unconfirmed active viewers see the private role reveal before actions, including on direct game paths
ok 10 - unconfirmed active viewers see the private role reveal before actions, including on direct game paths
  ---
  duration_ms: 0.3454
  type: 'test'
  ...
# Subtest: post-start role reveal redirects to the registered canonical role route
ok 11 - post-start role reveal redirects to the registered canonical role route
  ---
  duration_ms: 0.5938
  type: 'test'
  ...
# Subtest: role confirmation stays in one tab session and a fresh tab must confirm separately
ok 12 - role confirmation stays in one tab session and a fresh tab must confirm separately
  ---
  duration_ms: 0.7004
  type: 'test'
  ...
# Subtest: role and character face copy is supplied for every canonical base-game entry
ok 13 - role and character face copy is supplied for every canonical base-game entry
  ---
  duration_ms: 0.6546
  type: 'test'
  ...
# Subtest: role reveal renders only the viewer's role and character with canonical rule copy
ok 14 - role reveal renders only the viewer's role and character with canonical rule copy
  ---
  duration_ms: 5.8709
  type: 'test'
  ...
# Subtest: match route composition passes private hand, legalActions, pending and result projection to features
ok 15 - match route composition passes private hand, legalActions, pending and result projection to features
  ---
  duration_ms: 70.9417
  type: 'test'
  ...
# Subtest: result return uses one exact empty command then waits for a newer lobby sync projection
ok 16 - result return uses one exact empty command then waits for a newer lobby sync projection
  ---
  duration_ms: 6.3482
  type: 'test'
  ...
# Subtest: rejected or thrown return transport keeps the result operation retryable
ok 17 - rejected or thrown return transport keeps the result operation retryable
  ---
  duration_ms: 0.443
  type: 'test'
  ...
# Subtest: room operations can wait for the new cookie-authenticated socket connection
ok 18 - room operations can wait for the new cookie-authenticated socket connection
  ---
  duration_ms: 1.424
  type: 'test'
  ...
# Subtest: keyboard controls receive a visible focus indicator
ok 19 - keyboard controls receive a visible focus indicator
  ---
  duration_ms: 1.3249
  type: 'test'
  ...
# Subtest: narrow hand and response rows can scroll horizontally
ok 20 - narrow hand and response rows can scroll horizontally
  ---
  duration_ms: 0.5053
  type: 'test'
  ...
# Subtest: AccessibleButton renders a named native keyboard control
ok 21 - AccessibleButton renders a named native keyboard control
  ---
  duration_ms: 3232.1212
  type: 'test'
  ...
# Subtest: P03 compact Sid costs authorize any distinct allowed pair and reject fabricated costs
ok 22 - P03 compact Sid costs authorize any distinct allowed pair and reject fabricated costs
  ---
  duration_ms: 4629.6369
  type: 'test'
  ...
# Subtest: offers only card and target candidates from legalActions
ok 23 - offers only card and target candidates from legalActions
  ---
  duration_ms: 1.0236
  type: 'test'
  ...
# Subtest: explains only the two public no-recovery Beer conditions
ok 24 - explains only the two public no-recovery Beer conditions
  ---
  duration_ms: 0.5992
  type: 'test'
  ...
# Subtest: maps a distinct Sid cost pair only to its exact projected ability proposal
ok 25 - maps a distinct Sid cost pair only to its exact projected ability proposal
  ---
  duration_ms: 0.2941
  type: 'test'
  ...
# Subtest: keeps server-approved self table targets and never exposes a target hand card ID
ok 26 - keeps server-approved self table targets and never exposes a target hand card ID
  ---
  duration_ms: 0.3862
  type: 'test'
  ...
# Subtest: wraps a selected server proposal with protocol version, current version, match, and idempotency ID
ok 27 - wraps a selected server proposal with protocol version, current version, match, and idempotency ID
  ---
  duration_ms: 0.1907
  type: 'test'
  ...
# Subtest: syncs the latest projection after server rejection so selection can be rebuilt
ok 28 - syncs the latest projection after server rejection so selection can be rebuilt
  ---
  duration_ms: 0.607
  type: 'test'
  ...
# Subtest: shows the acknowledgement phase before awaiting the authoritative projection
ok 29 - shows the acknowledgement phase before awaiting the authoritative projection
  ---
  duration_ms: 0.5785
  type: 'test'
  ...
# Subtest: keeps a timed-out retry on the same command ID and payload
ok 30 - keeps a timed-out retry on the same command ID and payload
  ---
  duration_ms: 0.741
  type: 'test'
  ...
# Subtest: renders available cards as selectable, explains unavailable cards, and hides inputs outside active play
ok 31 - renders available cards as selectable, explains unavailable cards, and hides inputs outside active play
  ---
  duration_ms: 60.1047
  type: 'test'
  ...
# Subtest: shows turn ownership and pending response without making card actions available
ok 32 - shows turn ownership and pending response without making card actions available
  ---
  duration_ms: 5.4846
  type: 'test'
  ...
# Subtest: renders two linear Sid cost selectors instead of one button per card pair
ok 33 - renders two linear Sid cost selectors instead of one button per card pair
  ---
  duration_ms: 179.8401
  type: 'test'
  ...
# Subtest: prepared asset paths map to all 22 card, 16 character, and 4 role files in public
ok 34 - prepared asset paths map to all 22 card, 16 character, and 4 role files in public
  ---
  duration_ms: 183.7944
  type: 'test'
  ...
# Subtest: all 80 physical card records keep their own rank and suit over one type image
ok 35 - all 80 physical card records keep their own rank and suit over one type image
  ---
  duration_ms: 1.0014
  type: 'test'
  ...
# Subtest: missing images have visible fallback labels and nonempty alternative text
ok 36 - missing images have visible fallback labels and nonempty alternative text
  ---
  duration_ms: 0.4889
  type: 'test'
  ...
# Subtest: opponent hand back accessibility text exposes no rank, suit, or card identity
ok 37 - opponent hand back accessibility text exposes no rank, suit, or card identity
  ---
  duration_ms: 0.3312
  type: 'test'
  ...
# Subtest: R03 Kit choice markup names the private candidate cards and Lucky's public faces reach observers
ok 38 - R03 Kit choice markup names the private candidate cards and Lucky's public faces reach observers
  ---
  duration_ms: 3737.3356
  type: 'test'
  ...
# Subtest: every base playing card has Korean detail text from the ruleset summaries
ok 39 - every base playing card has Korean detail text from the ruleset summaries
  ---
  duration_ms: 0.5442
  type: 'test'
  ...
# Subtest: hand zoom keeps named triggers and mounts detail content only when opened
ok 40 - hand zoom keeps named triggers and mounts detail content only when opened
  ---
  duration_ms: 5.9237
  type: 'test'
  ...
# Subtest: response zoom is limited to card faces named by the current responder options
ok 41 - response zoom is limited to card faces named by the current responder options
  ---
  duration_ms: 3.222
  type: 'test'
  ...
# Subtest: discard-order zoom uses only the responder's projected allowedCards
ok 42 - discard-order zoom uses only the responder's projected allowedCards
  ---
  duration_ms: 3.7154
  type: 'test'
  ...
# Subtest: renders HTML-like server guest names as text with readiness and explicit room status
ok 43 - renders HTML-like server guest names as text with readiness and explicit room status
  ---
  duration_ms: 4137.3558
  type: 'test'
  ...
# Subtest: renders disabled start and locked seat actions once the server room has started
ok 44 - renders disabled start and locked seat actions once the server room has started
  ---
  duration_ms: 32.3262
  type: 'test'
  ...
# Subtest: shows owner controls only to the owner and keeps full rooms closed to invites
ok 45 - shows owner controls only to the owner and keeps full rooms closed to invites
  ---
  duration_ms: 12.7031
  type: 'test'
  ...
# Subtest: shows explicit presence and never treats a missing status as connected
ok 46 - shows explicit presence and never treats a missing status as connected
  ---
  duration_ms: 9.2748
  type: 'test'
  ...
# Subtest: shows server seats and readiness in seat order and blocks start until everyone is ready
ok 47 - shows server seats and readiness in seat order and blocks start until everyone is ready
  ---
  duration_ms: 2.6992
  type: 'test'
  ...
# Subtest: leaves unoccupied room seats visible and blocks starting before four guests
ok 48 - leaves unoccupied room seats visible and blocks starting before four guests
  ---
  duration_ms: 0.5967
  type: 'test'
  ...
# Subtest: only the server-designated owner can start or remove another waiting guest
ok 49 - only the server-designated owner can start or remove another waiting guest
  ---
  duration_ms: 0.5063
  type: 'test'
  ...
# Subtest: a full seven-seat room has no invitation capacity for an eighth guest
ok 50 - a full seven-seat room has no invitation capacity for an eighth guest
  ---
  duration_ms: 0.2949
  type: 'test'
  ...
# Subtest: started rooms disable readiness, start, invitations and kick actions
ok 51 - started rooms disable readiness, start, invitations and kick actions
  ---
  duration_ms: 1.2873
  type: 'test'
  ...
# Subtest: builds only the shared room command envelopes with the current version
ok 52 - builds only the shared room command envelopes with the current version
  ---
  duration_ms: 0.7652
  type: 'test'
  ...
# Subtest: General Store selection shows public card names, suits, images and zoom while keeping exact commands
ok 53 - General Store selection shows public card names, suits, images and zoom while keeping exact commands
  ---
  duration_ms: 7252.0624
  type: 'test'
  ...
# Subtest: only the current responder's pending options are offered, with the server step
ok 54 - only the current responder's pending options are offered, with the server step
  ---
  duration_ms: 5.3551
  type: 'test'
  ...
# Subtest: a non-responder sees progress only and no response options or card IDs
ok 55 - a non-responder sees progress only and no response options or card IDs
  ---
  duration_ms: 1.4885
  type: 'test'
  ...
# Subtest: death rescue presents only saved Beer and elimination choices
ok 56 - death rescue presents only saved Beer and elimination choices
  ---
  duration_ms: 2.1687
  type: 'test'
  ...
# Subtest: Vulture Sam cleanup discard prompt uses only server-projected candidates and count
ok 57 - Vulture Sam cleanup discard prompt uses only server-projected candidates and count
  ---
  duration_ms: 113.5992
  type: 'test'
  ...
# Subtest: creates a canonical RESPOND envelope from the exact saved option fields
ok 58 - creates a canonical RESPOND envelope from the exact saved option fields
  ---
  duration_ms: 0.3544
  type: 'test'
  ...
# Subtest: does not turn an ORDER_CARDS option template into a command without user-entered order
ok 59 - does not turn an ORDER_CARDS option template into a command without user-entered order
  ---
  duration_ms: 9.5134
  type: 'test'
  ...
# Subtest: validates discard order against the server candidate IDs and required count
ok 60 - validates discard order against the server candidate IDs and required count
  ---
  duration_ms: 0.6753
  type: 'test'
  ...
# Subtest: sync projection restores the same pending prompt and response choices
ok 61 - sync projection restores the same pending prompt and response choices
  ---
  duration_ms: 2.9711
  type: 'test'
  ...
# Subtest: reports a response acknowledgement before waiting for the authoritative projection
ok 62 - reports a response acknowledgement before waiting for the authoritative projection
  ---
  duration_ms: 0.9109
  type: 'test'
  ...
# Subtest: a multi-target response sync opens only the next responder's new prompt
ok 63 - a multi-target response sync opens only the next responder's new prompt
  ---
  duration_ms: 0.796
  type: 'test'
  ...
# Subtest: normalizes a guest name and uses the 1–20 Unicode code point rule
ok 64 - normalizes a guest name and uses the 1–20 Unicode code point rule
  ---
  duration_ms: 3.5596
  type: 'test'
  ...
# Subtest: builds guest and room commands from public DTOs without a credential field
ok 65 - builds guest and room commands from public DTOs without a credential field
  ---
  duration_ms: 1.4759
  type: 'test'
  ...
# Subtest: previews before join and sends the exact preview version with JOIN
ok 66 - previews before join and sends the exact preview version with JOIN
  ---
  duration_ms: 0.6138
  type: 'test'
  ...
# Subtest: invalid code preview and JOIN errors share one safe message
ok 67 - invalid code preview and JOIN errors share one safe message
  ---
  duration_ms: 0.7258
  type: 'test'
  ...
# Subtest: invite links contain only the invite code and can be read without session data
ok 68 - invite links contain only the invite code and can be read without session data
  ---
  duration_ms: 0.5337
  type: 'test'
  ...
# Subtest: merges public event batches in eventSeq order and deduplicates without filling hidden gaps
ok 69 - merges public event batches in eventSeq order and deduplicates without filling hidden gaps
  ---
  duration_ms: 8070.292
  type: 'test'
  ...
# Subtest: keeps only the latest public event window when the feed grows
ok 70 - keeps only the latest public event window when the feed grows
  ---
  duration_ms: 0.6229
  type: 'test'
  ...
# Subtest: ignores stale sync versions and preserves the newer turn, status, and event feed
ok 71 - ignores stale sync versions and preserves the newer turn, status, and event feed
  ---
  duration_ms: 0.5153
  type: 'test'
  ...
# Subtest: builds current turn text from the projection and closes input for every non-playing status
ok 72 - builds current turn text from the projection and closes input for every non-playing status
  ---
  duration_ms: 0.6991
  type: 'test'
  ...
# Subtest: keeps public log closed by default and formats only allowlisted events without payloads
ok 73 - keeps public log closed by default and formats only allowlisted events without payloads
  ---
  duration_ms: 69.4168
  type: 'test'
  ...
# Subtest: completed status renders a read-only result state and no action control
ok 74 - completed status renders a read-only result state and no action control
  ---
  duration_ms: 2.1894
  type: 'test'
  ...
# Subtest: non-owner result view explains that the host returns everyone to the lobby
ok 75 - non-owner result view explains that the host returns everyone to the lobby
  ---
  duration_ms: 1.9087
  type: 'test'
  ...
# Subtest: result return action is visible only for the matching completed match in its in-game owner room
ok 76 - result return action is visible only for the matching completed match in its in-game owner room
  ---
  duration_ms: 64.4274
  type: 'test'
  ...
# Subtest: return action single-flight guard ignores a second click while busy and accepts a later retry
ok 77 - return action single-flight guard ignores a second click while busy and accepts a later retry
  ---
  duration_ms: 1.3879
  type: 'test'
  ...
# Subtest: rejected commands and thrown transport errors produce retryable Korean guidance
ok 78 - rejected commands and thrown transport errors produce retryable Korean guidance
  ---
  duration_ms: 0.8848
  type: 'test'
  ...
# Subtest: uses a newer confirmed room command response and syncs only for older acknowledgements
ok 79 - uses a newer confirmed room command response and syncs only for older acknowledgements
  ---
  duration_ms: 1.7204
  type: 'test'
  ...
# Subtest: does not infer an outcome before completion or expose winner IDs when a name is missing
ok 80 - does not infer an outcome before completion or expose winner IDs when a name is missing
  ---
  duration_ms: 1.0644
  type: 'test'
  ...
# Subtest: server status gate removes action controls after play has ended
ok 81 - server status gate removes action controls after play has ended
  ---
  duration_ms: 2.4396
  type: 'test'
  ...
# Subtest: same guest restoration preserves cached projections
ok 82 - same guest restoration preserves cached projections
  ---
  duration_ms: 2.0667
  type: 'test'
  ...
# Subtest: expired session clears private projections and ignores late guest responses
ok 83 - expired session clears private projections and ignores late guest responses
  ---
  duration_ms: 1.433
  type: 'test'
  ...
# Subtest: changed guest identity cannot reuse previous viewer snapshots
ok 84 - changed guest identity cannot reuse previous viewer snapshots
  ---
  duration_ms: 0.4465
  type: 'test'
  ...
# Subtest: outbox notifications trigger sync and duplicate or older hints do not update projections
ok 85 - outbox notifications trigger sync and duplicate or older hints do not update projections
  ---
  duration_ms: 72.8151
  type: 'test'
  ...
# Subtest: projection store rejects duplicate and out-of-order sync responses
ok 86 - projection store rejects duplicate and out-of-order sync responses
  ---
  duration_ms: 0.6412
  type: 'test'
  ...
# Subtest: match projections retain only the newest 100 public events without moving the cursor backward
ok 87 - match projections retain only the newest 100 public events without moving the cursor backward
  ---
  duration_ms: 0.653
  type: 'test'
  ...
# Subtest: ACK auto-sync and the action helper share one request; covered in-flight hints do not refetch
ok 88 - ACK auto-sync and the action helper share one request; covered in-flight hints do not refetch
  ---
  duration_ms: 44.9289
  type: 'test'
  ...
# Subtest: a versioned room command projection is applied and only a newly active match is fetched
ok 89 - a versioned room command projection is applied and only a newly active match is fetched
  ---
  duration_ms: 1.6013
  type: 'test'
  ...
# Subtest: parallel guest restore and assigned-seat recovery calls share their HTTP reads
ok 90 - parallel guest restore and assigned-seat recovery calls share their HTTP reads
  ---
  duration_ms: 5.5536
  type: 'test'
  ...
# Subtest: a legacy room ACK during an older sync forces one fresh projection
ok 91 - a legacy room ACK during an older sync forces one fresh projection
  ---
  duration_ms: 2.7583
  type: 'test'
  ...
# Subtest: room-derived match watches release together and old resources are not synced after reconnect
ok 92 - room-derived match watches release together and old resources are not synced after reconnect
  ---
  duration_ms: 3.9471
  type: 'test'
  ...
# Subtest: cookie restore uses the T81 endpoints and schedules authoritative sync
ok 93 - cookie restore uses the T81 endpoints and schedules authoritative sync
  ---
  duration_ms: 2.9891
  type: 'test'
  ...
# Subtest: default fetch keeps the global receiver for all guest session HTTP operations
ok 94 - default fetch keeps the global receiver for all guest session HTTP operations
  ---
  duration_ms: 1.7599
  type: 'test'
  ...
# Subtest: 204 is an empty guest restore; 401 room recovery follows SESSION_EXPIRED
ok 95 - 204 is an empty guest restore; 401 room recovery follows SESSION_EXPIRED
  ---
  duration_ms: 1.4201
  type: 'test'
  ...
# Subtest: reconnect performs a fresh match sync before retrying the same pending command
ok 96 - reconnect performs a fresh match sync before retrying the same pending command
  ---
  duration_ms: 53.1783
  type: 'test'
  ...
# Subtest: Sites development and production explicitly use the Worker HTTP adapter
ok 97 - Sites development and production explicitly use the Worker HTTP adapter
  ---
  duration_ms: 322.7938
  type: 'test'
  ...
# Subtest: Sites imports the same app stylesheet as the local browser entry
ok 98 - Sites imports the same app stylesheet as the local browser entry
  ---
  duration_ms: 3.7392
  type: 'test'
  ...
# Subtest: P01 a committed ACK projection updates the store and UI without a second match read
ok 99 - P01 a committed ACK projection updates the store and UI without a second match read
  ---
  duration_ms: 442.336
  type: 'test'
  ...
# Subtest: R06 a stalled session body has a deadline and recovery can be retried
ok 100 - R06 a stalled session body has a deadline and recovery can be retried
  ---
  duration_ms: 50.6268
  type: 'test'
  ...
# Subtest: R06 an accepted command survives stalled sync without remaining busy or resending
ok 101 - R06 an accepted command survives stalled sync without remaining busy or resending
  ---
  duration_ms: 778.4451
  type: 'test'
  ...
# Subtest: R09 EventSource construction errors fall back to HTTP polling and stop on disconnect
ok 102 - R09 EventSource construction errors fall back to HTTP polling and stop on disconnect
  ---
  duration_ms: 554.1633
  type: 'test'
  ...
# Subtest: R07 incremental sync keeps earlier public events through projection consumers
ok 103 - R07 incremental sync keeps earlier public events through projection consumers
  ---
  duration_ms: 1.5937
  type: 'test'
  ...
# Subtest: a late match sync from a previous guest is rejected after identity changes
ok 104 - a late match sync from a previous guest is rejected after identity changes
  ---
  duration_ms: 12.6472
  type: 'test'
  ...
# Subtest: accepted ACK and concurrent passive sync callers share one match request
ok 105 - accepted ACK and concurrent passive sync callers share one match request
  ---
  duration_ms: 21.0707
  type: 'test'
  ...
# Subtest: a newer SSE match hint during sync triggers exactly one fresh follow-up
ok 106 - a newer SSE match hint during sync triggers exactly one fresh follow-up
  ---
  duration_ms: 23.5253
  type: 'test'
  ...
# Subtest: mismatched unchanged replies fall back to a strict full sync without opt-in
ok 107 - mismatched unchanged replies fall back to a strict full sync without opt-in
  ---
  duration_ms: 76.6116
  type: 'test'
  ...
# Subtest: a second unchanged response cannot recurse, and successful syncs clear stale errors
ok 108 - a second unchanged response cannot recurse, and successful syncs clear stale errors
  ---
  duration_ms: 43.3134
  type: 'test'
  ...
# Subtest: presence is timestamped separately, filters foreign members, and survives room sync
ok 109 - presence is timestamped separately, filters foreign members, and survives room sync
  ---
  duration_ms: 160.1337
  type: 'test'
  ...
# Subtest: new guests use JSON create/join without an initial SSE dependency; versioned room ACK is applied directly
ok 110 - new guests use JSON create/join without an initial SSE dependency; versioned room ACK is applied directly
  ---
  duration_ms: 5.4373
  type: 'test'
  ...
# Subtest: a versioned room ACK fetches a newly active match without repeating the room sync
ok 111 - a versioned room ACK fetches a newly active match without repeating the room sync
  ---
  duration_ms: 2.7325
  type: 'test'
  ...
# Subtest: parallel guest restore and seat recovery share each Sites HTTP read and projection sync
ok 112 - parallel guest restore and seat recovery share each Sites HTTP read and projection sync
  ---
  duration_ms: 2.4863
  type: 'test'
  ...
# Subtest: closing the last transient room watch releases its SSE reconnect resource
ok 113 - closing the last transient room watch releases its SSE reconnect resource
  ---
  duration_ms: 6.0851
  type: 'test'
  ...
# Subtest: HTTP room commands remain writable while the membership SSE channel is closed
ok 114 - HTTP room commands remain writable while the membership SSE channel is closed
  ---
  duration_ms: 110.7697
  type: 'test'
  ...
# Subtest: legacy unversioned room ACK forces one follow-up after an older sync already in flight
ok 115 - legacy unversioned room ACK forces one follow-up after an older sync already in flight
  ---
  duration_ms: 30.2061
  type: 'test'
  ...
# Subtest: production builds select Sites HTTP/SSE and local Vite selects Socket.IO
ok 116 - production builds select Sites HTTP/SSE and local Vite selects Socket.IO
  ---
  duration_ms: 1.3542
  type: 'test'
  ...
# Subtest: Sites requests use strict DTO parsing, cookie credentials and same-payload command retry
ok 117 - Sites requests use strict DTO parsing, cookie credentials and same-payload command retry
  ---
  duration_ms: 78.7803
  type: 'test'
  ...
# Subtest: room preview, create and join use the existing HTTP DTO mapping
ok 118 - room preview, create and join use the existing HTTP DTO mapping
  ---
  duration_ms: 71.0252
  type: 'test'
  ...
# Subtest: SSE messages only invalidate, hidden streams close, and visible reconnect resumes the cursor
ok 119 - SSE messages only invalidate, hidden streams close, and visible reconnect resumes the cursor
  ---
  duration_ms: 146.6036
  type: 'test'
  ...
# Subtest: malformed API responses do not become transport state
ok 120 - malformed API responses do not become transport state
  ---
  duration_ms: 10.2034
  type: 'test'
  ...
# Subtest: WebMCP registers the primary guest, room, current state and match action tools with lifecycle signal
ok 121 - WebMCP registers the primary guest, room, current state and match action tools with lifecycle signal
  ---
  duration_ms: 3.039
  type: 'test'
  ...
# Subtest: unsupported and failing ModelContext registrations leave the game UI usable
ok 122 - unsupported and failing ModelContext registrations leave the game UI usable
  ---
  duration_ms: 0.7116
  type: 'test'
  ...
# Subtest: tool input validation rejects unknown keys and only sends server-projected legal actions
ok 123 - tool input validation rejects unknown keys and only sends server-projected legal actions
  ---
  duration_ms: 13.0652
  type: 'test'
  ...
# Subtest: guest and room entry tools reuse the existing normalized transport flow
ok 124 - guest and room entry tools reuse the existing normalized transport flow
  ---
  duration_ms: 1.467
  type: 'test'
  ...
# Subtest: current state is viewer-scoped and room lobby tools use current versioned commands
ok 125 - current state is viewer-scoped and room lobby tools use current versioned commands
  ---
  duration_ms: 1.272
  type: 'test'
  ...
# Subtest: tool discards follow the responder's exact private candidate set and count
ok 126 - tool discards follow the responder's exact private candidate set and count
  ---
  duration_ms: 1.0395
  type: 'test'
  ...
1..126
# tests 126
# suites 0
# pass 126
# fail 0
# cancelled 0
# skipped 0
# todo 0
# duration_ms 33401.9342
