TAP version 13
# Subtest: tablewide responses from one version all commit concurrently with private options
ok 1 - tablewide responses from one version all commit concurrently with private options
  ---
  duration_ms: 11664.3205
  type: 'test'
  ...
# Subtest: P02 scoped SSE checks membership and renews only the viewed room's lease
ok 2 - P02 scoped SSE checks membership and renews only the viewed room's lease
  ---
  duration_ms: 7390.3927
  type: 'test'
  ...
# Subtest: R07 and P01 successive command ACKs include private projections and delta sync preserves history
ok 3 - R07 and P01 successive command ACKs include private projections and delta sync preserves history
  ---
  duration_ms: 7576.6061
  type: 'test'
  ...
# Subtest: General Store HTTP sync includes public remaining faces and removes each selected card
ok 4 - General Store HTTP sync includes public remaining faces and removes each selected card
  ---
  duration_ms: 9742.6402
  type: 'test'
  ...
# Subtest: Worker match commands resolve effects and turn continuations with atomic receipts and stale no-write behavior
ok 5 - Worker match commands resolve effects and turn continuations with atomic receipts and stale no-write behavior
  ---
  duration_ms: 6870.274
  type: 'test'
  ...
# Subtest: accepted match commands use one authorization context batch and one atomic commit batch
ok 6 - accepted match commands use one authorization context batch and one atomic commit batch
  ---
  duration_ms: 4310.3017
  type: 'test'
  ...
# Subtest: match membership revoked after command load prevents the atomic commit
ok 7 - match membership revoked after command load prevents the atomic commit
  ---
  duration_ms: 4315.3448
  type: 'test'
  ...
# Subtest: a command receipt cannot be reused across two authorized matches
ok 8 - a command receipt cannot be reused across two authorized matches
  ---
  duration_ms: 4529.2291
  type: 'test'
  ...
# Subtest: D1 expected-version CAS allows one writer for concurrent match commands
ok 9 - D1 expected-version CAS allows one writer for concurrent match commands
  ---
  duration_ms: 5082.4748
  type: 'test'
  ...
# Subtest: stale match cursors receive the recent event tail and an explicit full snapshot
ok 10 - stale match cursors receive the recent event tail and an explicit full snapshot
  ---
  duration_ms: 7828.5817
  type: 'test'
  ...
# Subtest: room and match sync use strict canonical parsers and viewer-scoped private projections
ok 11 - room and match sync use strict canonical parsers and viewer-scoped private projections
  ---
  duration_ms: 6648.0114
  type: 'test'
  ...
# Subtest: unsupported match schema and ruleset disclose recovery only to members and never mutate state
ok 12 - unsupported match schema and ruleset disclose recovery only to members and never mutate state
  ---
  duration_ms: 8473.4852
  type: 'test'
  ...
# Subtest: existing successful receipts replay before unsupported snapshot decoding without exposing recovery to outsiders
ok 13 - existing successful receipts replay before unsupported snapshot decoding without exposing recovery to outsiders
  ---
  duration_ms: 3676.5773
  type: 'test'
  ...
# Subtest: receipt replay survives malformed match snapshots, while fresh commands fail without writes
ok 14 - receipt replay survives malformed match snapshots, while fresh commands fail without writes
  ---
  duration_ms: 3484.3539
  type: 'test'
  ...
# Subtest: SSE refreshes membership before cursor reads, emits only allowlisted data, and resumes after cancellation
ok 15 - SSE refreshes membership before cursor reads, emits only allowlisted data, and resumes after cancellation
  ---
  duration_ms: 5043.7397
  type: 'test'
  ...
# Subtest: SSE renews only the viewer lease and reports presence lease expiry without disconnect writes
ok 16 - SSE renews only the viewer lease and reports presence lease expiry without disconnect writes
  ---
  duration_ms: 8286.4635
  type: 'test'
  ...
# Subtest: SSE keeps active matches on the fast poll after the activity warm window expires
ok 17 - SSE keeps active matches on the fast poll after the activity warm window expires
  ---
  duration_ms: 10321.7885
  type: 'test'
  ...
1..17
# tests 17
# suites 0
# pass 17
# fail 0
# cancelled 0
# skipped 0
# todo 0
# duration_ms 120318.0342
