TAP version 13
# Subtest: P02 scoped SSE checks membership and renews only the viewed room's lease
ok 1 - P02 scoped SSE checks membership and renews only the viewed room's lease
  ---
  duration_ms: 3436.5334
  type: 'test'
  ...
# Subtest: R07 and P01 successive command ACKs include private projections and delta sync preserves history
ok 2 - R07 and P01 successive command ACKs include private projections and delta sync preserves history
  ---
  duration_ms: 3090.7343
  type: 'test'
  ...
# Subtest: General Store HTTP sync includes public remaining faces and removes each selected card
ok 3 - General Store HTTP sync includes public remaining faces and removes each selected card
  ---
  duration_ms: 4220.2659
  type: 'test'
  ...
# Subtest: Worker match commands resolve effects and turn continuations with atomic receipts and stale no-write behavior
ok 4 - Worker match commands resolve effects and turn continuations with atomic receipts and stale no-write behavior
  ---
  duration_ms: 4790.0699
  type: 'test'
  ...
# Subtest: accepted match commands use one authorization context batch and one atomic commit batch
ok 5 - accepted match commands use one authorization context batch and one atomic commit batch
  ---
  duration_ms: 2973.3692
  type: 'test'
  ...
# Subtest: match membership revoked after command load prevents the atomic commit
ok 6 - match membership revoked after command load prevents the atomic commit
  ---
  duration_ms: 3534.9101
  type: 'test'
  ...
# Subtest: a command receipt cannot be reused across two authorized matches
ok 7 - a command receipt cannot be reused across two authorized matches
  ---
  duration_ms: 3437.4724
  type: 'test'
  ...
# Subtest: D1 expected-version CAS allows one writer for concurrent match commands
ok 8 - D1 expected-version CAS allows one writer for concurrent match commands
  ---
  duration_ms: 3929.8911
  type: 'test'
  ...
# Subtest: stale match cursors receive the recent event tail and an explicit full snapshot
ok 9 - stale match cursors receive the recent event tail and an explicit full snapshot
  ---
  duration_ms: 5616.1215
  type: 'test'
  ...
# Subtest: room and match sync use strict canonical parsers and viewer-scoped private projections
ok 10 - room and match sync use strict canonical parsers and viewer-scoped private projections
  ---
  duration_ms: 4362.0531
  type: 'test'
  ...
# Subtest: unsupported match schema and ruleset disclose recovery only to members and never mutate state
ok 11 - unsupported match schema and ruleset disclose recovery only to members and never mutate state
  ---
  duration_ms: 9651.1023
  type: 'test'
  ...
# Subtest: existing successful receipts replay before unsupported snapshot decoding without exposing recovery to outsiders
ok 12 - existing successful receipts replay before unsupported snapshot decoding without exposing recovery to outsiders
  ---
  duration_ms: 5935.8951
  type: 'test'
  ...
# Subtest: receipt replay survives malformed match snapshots, while fresh commands fail without writes
ok 13 - receipt replay survives malformed match snapshots, while fresh commands fail without writes
  ---
  duration_ms: 6142.1045
  type: 'test'
  ...
# Subtest: SSE refreshes membership before cursor reads, emits only allowlisted data, and resumes after cancellation
ok 14 - SSE refreshes membership before cursor reads, emits only allowlisted data, and resumes after cancellation
  ---
  duration_ms: 4566.623
  type: 'test'
  ...
# Subtest: SSE renews only the viewer lease and reports presence lease expiry without disconnect writes
ok 15 - SSE renews only the viewer lease and reports presence lease expiry without disconnect writes
  ---
  duration_ms: 3813.8859
  type: 'test'
  ...
# Subtest: SSE keeps active matches on the fast poll after the activity warm window expires
ok 16 - SSE keeps active matches on the fast poll after the activity warm window expires
  ---
  duration_ms: 3782.9842
  type: 'test'
  ...
1..16
# tests 16
# suites 0
# pass 16
# fail 0
# cancelled 0
# skipped 0
# todo 0
# duration_ms 75168.4273
