TAP version 13
# Subtest: 4–7 seats use explicit clockwise centers with self at the bottom
ok 1 - 4–7 seats use explicit clockwise centers with self at the bottom
  ---
  duration_ms: 7584.7208
  type: 'test'
  ...
# Subtest: one persistent scene has menu, public table and private hand without web page panels
ok 2 - one persistent scene has menu, public table and private hand without web page panels
  ---
  duration_ms: 52.9139
  type: 'test'
  ...
# Subtest: inspection host is outside compact seats, hand and action regions with no eagerly mounted dialogs
ok 3 - inspection host is outside compact seats, hand and action regions with no eagerly mounted dialogs
  ---
  duration_ms: 17.0253
  type: 'test'
  ...
# Subtest: scene never renders hidden opponent role, card identities or deck contents
ok 4 - scene never renders hidden opponent role, card identities or deck contents
  ---
  duration_ms: 16.9565
  type: 'test'
  ...
# Subtest: opponent hand back icons exactly reflect public counts, including more than 80
ok 5 - opponent hand back icons exactly reflect public counts, including more than 80
  ---
  duration_ms: 23.457
  type: 'test'
  ...
# Subtest: public distance and role use authenticated projection while own HUD shows own role
ok 6 - public distance and role use authenticated projection while own HUD shows own role
  ---
  duration_ms: 59.9921
  type: 'test'
  ...
# Subtest: observer retains public scene without any private hand input
ok 7 - observer retains public scene without any private hand input
  ---
  duration_ms: 6.0561
  type: 'test'
  ...
# Subtest: zero healing beer retains confirmation and image selection uses legal candidates
ok 8 - zero healing beer retains confirmation and image selection uses legal candidates
  ---
  duration_ms: 16.7675
  type: 'test'
  ...
# Subtest: empty hand uses its own compact status and preserves the legal end-turn action
ok 9 - empty hand uses its own compact status and preserves the legal end-turn action
  ---
  duration_ms: 17.441
  type: 'test'
  ...
# Subtest: every projected response uses the inline table area including ordered discard
ok 10 - every projected response uses the inline table area including ordered discard
  ---
  duration_ms: 27.8066
  type: 'test'
  ...
# Subtest: first scene render is silent and exposes no history animation
ok 11 - first scene render is silent and exposes no history animation
  ---
  duration_ms: 20.398
  type: 'test'
  ...
# Subtest: scene store has a nonmodal shared table area for picker and observers
ok 12 - scene store has a nonmodal shared table area for picker and observers
  ---
  duration_ms: 49.8416
  type: 'test'
  ...
# Subtest: all projected request kinds use a visible inline region without a close or reopen step
ok 13 - all projected request kinds use a visible inline region without a close or reopen step
  ---
  duration_ms: 285.9824
  type: 'test'
  ...
# Subtest: tablewide response preserves private choices and shared progress without a dialog
ok 14 - tablewide response preserves private choices and shared progress without a dialog
  ---
  duration_ms: 32.5353
  type: 'test'
  ...
1..14
# tests 14
# suites 0
# pass 14
# fail 0
# cancelled 0
# skipped 0
# todo 0
# duration_ms 10812.357
