
  vinext build  (Vite 8.0.13)

[1/5] analyze client references...
[2K
transforming...✓ 290 modules transformed.
rendering chunks...
✓ built in 2.21s
[2/5] analyze server references...
[2K
transforming...✓ 168 modules transformed.
rendering chunks...
✓ built in 1.13s
[3/5] build rsc environment...
[2K
transforming...✓ 287 modules transformed.
rendering chunks...
computing gzip size...
✓ built in 2.48s
[4/5] build client environment...
[2K
transforming...✓ 210 modules transformed.
rendering chunks...
computing gzip size...
✓ built in 2.81s
[5/5] build ssr environment...
[2K
transforming...✓ 182 modules transformed.
rendering chunks...
computing gzip size...
[PLUGIN_TIMINGS] Your build spent significant time in plugins. Here is a breakdown:
  - vinext:og-inline-fetch-assets (23%)
  - vinext:css-data-url (10%)
  - rsc:load-environment-module (7%)
  - vinext:validate-middleware-exports (7%)
  - rsc:use-server (6%)
See https://rolldown.rs/options/checks#plugintimings for more details.

✓ built in 3.18s
[0m
  Route (app)
  ┌ ? /      
  └ ƒ /:path+

  ƒ Dynamic  ? Unknown

  ? Some routes could not be classified. vinext currently uses static analysis
    and cannot detect dynamic API usage (headers(), cookies(), etc.) at build time.
    Automatic classification will be improved in a future release.
  Build complete. Run `vinext start` to start the production server.

