TAP version 13
# Subtest: R08 owner kick removes one waiting member, replays once, and allows the guest to rejoin
ok 1 - R08 owner kick removes one waiting member, replays once, and allows the guest to rejoin
  ---
  duration_ms: 5107.4835
  type: 'test'
  ...
# Subtest: guest cookie create/restore is Worker-safe, expires correctly, and assigned-room restore is identity-scoped
ok 2 - guest cookie create/restore is Worker-safe, expires correctly, and assigned-room restore is identity-scoped
  ---
  duration_ms: 1837.4282
  type: 'test'
  ...
# Subtest: invite preview is strict and redacted; persistent limiter honors peer IP, backoff, and successful JOIN reset
ok 3 - invite preview is strict and redacted; persistent limiter honors peer IP, backoff, and successful JOIN reset
  ---
  duration_ms: 4240.5029
  type: 'test'
  ...
# Subtest: concurrent JOIN is single-writer; room receipts replay and command hash mismatch is rejected
ok 4 - concurrent JOIN is single-writer; room receipts replay and command hash mismatch is rejected
  ---
  duration_ms: 2604.4513
  type: 'test'
  ...
# Subtest: room automatic arrival/owner/version guards and concurrent START_MATCH persist the full initialized snapshot once
ok 5 - room automatic arrival/owner/version guards and concurrent START_MATCH persist the full initialized snapshot once
  ---
  duration_ms: 4725.5941
  type: 'test'
  ...
# Subtest: completed direct restart and RETURN_TO_LOBBY preserve history, allocate one fresh match, and allow an immediate rematch
ok 6 - completed direct restart and RETURN_TO_LOBBY preserve history, allocate one fresh match, and allow an immediate rematch
  ---
  duration_ms: 5333.8345
  type: 'test'
  ...
# Subtest: HTTP origin/content-type/body limits, strict command parsing, and closed-room lifecycle are enforced
ok 7 - HTTP origin/content-type/body limits, strict command parsing, and closed-room lifecycle are enforced
  ---
  duration_ms: 2046.4007
  type: 'test'
  ...
1..7
# tests 7
# suites 0
# pass 7
# fail 0
# cancelled 0
# skipped 0
# todo 0
# duration_ms 28187.1947
