
  vinext build  (Vite 8.0.13)

[1/5] analyze client references...
[2K
transforming...✓ 290 modules transformed.
rendering chunks...
[PLUGIN_TIMINGS] Your build spent significant time in plugins. Here is a breakdown:
  - rsc:virtual-client-package (20%)
  - vinext:og-inline-fetch-assets (13%)
  - vinext:css-data-url (13%)
  - vinext:middleware-server-only (11%)
  - alias (10%)
See https://rolldown.rs/options/checks#plugintimings for more details.

✓ built in 5.29s
[2/5] analyze server references...
[2K
transforming...✓ 161 modules transformed.
rendering chunks...
[PLUGIN_TIMINGS] Your build spent significant time in plugins. Here is a breakdown:
  - vinext:og-inline-fetch-assets (19%)
  - vite-plugin-commonjs (11%)
  - vinext:css-data-url (9%)
  - vinext:middleware-server-only (8%)
  - alias (7%)
See https://rolldown.rs/options/checks#plugintimings for more details.

✓ built in 3.10s
[3/5] build rsc environment...
[2K
transforming...✓ 287 modules transformed.
rendering chunks...
computing gzip size...
[PLUGIN_TIMINGS] Your build spent significant time in plugins. Here is a breakdown:
  - vinext:og-inline-fetch-assets (17%)
  - vinext:css-data-url (15%)
  - vinext:middleware-server-only (14%)
  - rsc:virtual-client-package (13%)
  - alias (6%)
See https://rolldown.rs/options/checks#plugintimings for more details.

✓ built in 10.31s
[4/5] build client environment...
[2K
transforming...✓ 203 modules transformed.
rendering chunks...
computing gzip size...
[PLUGIN_TIMINGS] Your build spent significant time in plugins. Here is a breakdown:
  - vinext:og-inline-fetch-assets (15%)
  - vinext:css-data-url (15%)
  - rsc:use-client (10%)
  - rsc:virtual-client-package (8%)
  - vinext:middleware-server-only (7%)
See https://rolldown.rs/options/checks#plugintimings for more details.

✓ built in 8.82s
[5/5] build ssr environment...
[2K
transforming...✓ 175 modules transformed.
rendering chunks...
computing gzip size...
✓ built in 2.32s
[0m
  Route (app)
  ┌ ? /      
  └ ƒ /:path+

  ƒ Dynamic  ? Unknown

  ? Some routes could not be classified. vinext currently uses static analysis
    and cannot detect dynamic API usage (headers(), cookies(), etc.) at build time.
    Automatic classification will be improved in a future release.
  Build complete. Run `vinext start` to start the production server.

